<html>
<body>
<pre>
<h1>µVision Build Log</h1>
<h2>Tool Versions:</h2>
IDE-Version: •ÏVision V5.30.0.0
Copyright (C) 2020 ARM Ltd and ARM Germany GmbH. All rights reserved.
License Information: jaewook lee, jbnu, LIC=----
 
Tool Versions:
Toolchain:       MDK-Lite  Version: 5.30.0.0
Toolchain Path:  C:\Keil_v5\ARM\ARMCC\Bin
C Compiler:      Armcc.exe V5.06 update 6 (build 750)
Assembler:       Armasm.exe V5.06 update 6 (build 750)
Linker/Locator:  ArmLink.exe V5.06 update 6 (build 750)
Library Manager: ArmAr.exe V5.06 update 6 (build 750)
Hex Converter:   FromElf.exe V5.06 update 6 (build 750)
CPU DLL:         SARMCM3.DLL V5.30.0.0
Dialog DLL:      DARMP1.DLL V1.27.0.0
Target DLL:      UL2CM3.DLL V1.163.3.0
Dialog DLL:      TARMP1.DLL V1.26.0.0
 
<h2>Project:</h2>
C:\Users\jalee\Downloads\ARM_CortexM3_NXP_2.0\Example\how-many-people-in-house-lpc1768\HowManyPeople.uvprojx
Project File Date:  06/09/2020

<h2>Output:</h2>
*** Using Compiler 'V5.06 update 6 (build 750)', folder: 'C:\Keil_v5\ARM\ARMCC\Bin'
Rebuild target 'Target 1'
assembling startup_LPC17xx.s...
compiling system_LPC17xx.c...
compiling lpc17xx_pinsel.c...
compiling GLCD.c...
compiling LPC1768_utility.c...
..\Huins_NXP_LPC1768_Library\Drivers\source\LPC1768_utility.c(75): warning:  #61-D: integer operation result is out of range
  			GPIO_SetDir(GPIO_PORT_1, (1<<28) | (1<<29) | (1<<31), OUTPUT); 
..\Huins_NXP_LPC1768_Library\Drivers\source\LPC1768_utility.c(126): warning:  #61-D: integer operation result is out of range
  			GPIO_SetValue(GPIO_PORT_1, (1<<28) | (1<<29) | (1<<31));
..\Huins_NXP_LPC1768_Library\Drivers\source\LPC1768_utility.c: 2 warnings, 0 errors
compiling lpc17xx_gpio.c...
compiling ANH.c...
ANH.c(146): warning:  #177-D: variable "i"  was declared but never referenced
    int i;
ANH.c(233): warning:  #111-D: statement is unreachable
  			break;
ANH.c(249): warning:  #111-D: statement is unreachable
  			break;
ANH.c(253): warning:  #940-D: missing return statement at end of non-void function "printOX" 
  }
ANH.c: 4 warnings, 0 errors
linking...
Program Size: Code=6600 RO-data=236 RW-data=5400 ZI-data=840  
".\Objects\TicTacToe.axf" - 0 Error(s), 6 Warning(s).

<h2>Software Packages used:</h2>

Package Vendor: Keil
                http://www.keil.com/pack/Keil.LPC1700_DFP.2.6.0.pack
                Keil.LPC1700_DFP.2.6.0
                NXP LPC1700 Series Device Support, Drivers and Examples for MCB1700 and LPC1788-32

<h2>Collection of Component include folders:</h2>
  .\RTE\_Target_1
  C:\Users\jalee\AppData\Local\Arm\Packs\Keil\LPC1700_DFP\2.6.0\Device\Include

<h2>Collection of Component Files used:</h2>
Build Time Elapsed:  00:00:01
</pre>
</body>
</html>
