Component: ARM Compiler 5.06 update 6 (build 750) Tool: armlink [4d35ed]

==============================================================================

Section Cross References

    system_lpc17xx.o(i.SystemCoreClockUpdate) refers to lludivv7m.o(.text) for __aeabi_uldivmod
    system_lpc17xx.o(i.SystemCoreClockUpdate) refers to system_lpc17xx.o(.data) for SystemCoreClock
    startup_lpc17xx.o(STACK) refers (Special) to heapauxi.o(.text) for __use_two_region_memory
    startup_lpc17xx.o(HEAP) refers (Special) to heapauxi.o(.text) for __use_two_region_memory
    startup_lpc17xx.o(RESET) refers (Special) to heapauxi.o(.text) for __use_two_region_memory
    startup_lpc17xx.o(RESET) refers to startup_lpc17xx.o(STACK) for __initial_sp
    startup_lpc17xx.o(RESET) refers to startup_lpc17xx.o(.text) for Reset_Handler
    startup_lpc17xx.o(.ARM.__at_0x02FC) refers (Special) to heapauxi.o(.text) for __use_two_region_memory
    startup_lpc17xx.o(.text) refers (Special) to heapauxi.o(.text) for __use_two_region_memory
    startup_lpc17xx.o(.text) refers to system_lpc17xx.o(i.SystemInit) for SystemInit
    startup_lpc17xx.o(.text) refers to __main.o(!!!main) for __main
    startup_lpc17xx.o(.text) refers to startup_lpc17xx.o(HEAP) for Heap_Mem
    startup_lpc17xx.o(.text) refers to startup_lpc17xx.o(STACK) for Stack_Mem
    lpc17xx_gpio.o(i.FIO_ByteClearValue) refers to lpc17xx_gpio.o(i.FIO_ByteGetPointer) for FIO_ByteGetPointer
    lpc17xx_gpio.o(i.FIO_ByteReadValue) refers to lpc17xx_gpio.o(i.FIO_ByteGetPointer) for FIO_ByteGetPointer
    lpc17xx_gpio.o(i.FIO_ByteSetDir) refers to lpc17xx_gpio.o(i.FIO_ByteGetPointer) for FIO_ByteGetPointer
    lpc17xx_gpio.o(i.FIO_ByteSetMask) refers to lpc17xx_gpio.o(i.FIO_ByteGetPointer) for FIO_ByteGetPointer
    lpc17xx_gpio.o(i.FIO_ByteSetValue) refers to lpc17xx_gpio.o(i.FIO_ByteGetPointer) for FIO_ByteGetPointer
    lpc17xx_gpio.o(i.FIO_ClearInt) refers to lpc17xx_gpio.o(i.GPIO_ClearInt) for GPIO_ClearInt
    lpc17xx_gpio.o(i.FIO_ClearValue) refers to lpc17xx_gpio.o(i.GPIO_ClearValue) for GPIO_ClearValue
    lpc17xx_gpio.o(i.FIO_GetIntStatus) refers to lpc17xx_gpio.o(i.GPIO_GetIntStatus) for GPIO_GetIntStatus
    lpc17xx_gpio.o(i.FIO_HalfWordClearValue) refers to lpc17xx_gpio.o(i.FIO_HalfWordGetPointer) for FIO_HalfWordGetPointer
    lpc17xx_gpio.o(i.FIO_HalfWordReadValue) refers to lpc17xx_gpio.o(i.FIO_HalfWordGetPointer) for FIO_HalfWordGetPointer
    lpc17xx_gpio.o(i.FIO_HalfWordSetDir) refers to lpc17xx_gpio.o(i.FIO_HalfWordGetPointer) for FIO_HalfWordGetPointer
    lpc17xx_gpio.o(i.FIO_HalfWordSetMask) refers to lpc17xx_gpio.o(i.FIO_HalfWordGetPointer) for FIO_HalfWordGetPointer
    lpc17xx_gpio.o(i.FIO_HalfWordSetValue) refers to lpc17xx_gpio.o(i.FIO_HalfWordGetPointer) for FIO_HalfWordGetPointer
    lpc17xx_gpio.o(i.FIO_IntCmd) refers to lpc17xx_gpio.o(i.GPIO_IntCmd) for GPIO_IntCmd
    lpc17xx_gpio.o(i.FIO_ReadValue) refers to lpc17xx_gpio.o(i.GPIO_ReadValue) for GPIO_ReadValue
    lpc17xx_gpio.o(i.FIO_SetDir) refers to lpc17xx_gpio.o(i.GPIO_SetDir) for GPIO_SetDir
    lpc17xx_gpio.o(i.FIO_SetMask) refers to lpc17xx_gpio.o(i.GPIO_GetPointer) for GPIO_GetPointer
    lpc17xx_gpio.o(i.FIO_SetValue) refers to lpc17xx_gpio.o(i.GPIO_SetValue) for GPIO_SetValue
    lpc17xx_gpio.o(i.GPIO_ClearValue) refers to lpc17xx_gpio.o(i.GPIO_GetPointer) for GPIO_GetPointer
    lpc17xx_gpio.o(i.GPIO_ReadValue) refers to lpc17xx_gpio.o(i.GPIO_GetPointer) for GPIO_GetPointer
    lpc17xx_gpio.o(i.GPIO_SetDir) refers to lpc17xx_gpio.o(i.GPIO_GetPointer) for GPIO_GetPointer
    lpc17xx_gpio.o(i.GPIO_SetValue) refers to lpc17xx_gpio.o(i.GPIO_GetPointer) for GPIO_GetPointer
    lpc17xx_pinsel.o(i.AF_ConfigPin) refers to lpc17xx_pinsel.o(i.PINSEL_ConfigPin) for PINSEL_ConfigPin
    lpc17xx_pinsel.o(i.PINSEL_ConfigPin) refers to lpc17xx_pinsel.o(i.set_PinFunc) for set_PinFunc
    lpc17xx_pinsel.o(i.PINSEL_ConfigPin) refers to lpc17xx_pinsel.o(i.set_ResistorMode) for set_ResistorMode
    lpc17xx_pinsel.o(i.PINSEL_ConfigPin) refers to lpc17xx_pinsel.o(i.set_OpenDrainMode) for set_OpenDrainMode
    lpc1768_utility.o(i.Led_All_Off) refers to lpc17xx_gpio.o(i.GPIO_ClearValue) for GPIO_ClearValue
    lpc1768_utility.o(i.Led_All_On) refers to lpc17xx_gpio.o(i.GPIO_SetValue) for GPIO_SetValue
    lpc1768_utility.o(i.Led_Init) refers to lpc17xx_gpio.o(i.GPIO_SetDir) for GPIO_SetDir
    lpc1768_utility.o(i.Led_Init) refers to lpc17xx_gpio.o(i.GPIO_ClearValue) for GPIO_ClearValue
    lpc1768_utility.o(i.Led_Off) refers to lpc17xx_gpio.o(i.GPIO_ClearValue) for GPIO_ClearValue
    lpc1768_utility.o(i.Led_On) refers to lpc17xx_gpio.o(i.GPIO_SetValue) for GPIO_SetValue
    lpc1768_utility.o(i.Led_Toggle) refers to lpc1768_utility.o(i.Led_On) for Led_On
    lpc1768_utility.o(i.Led_Toggle) refers to lpc1768_utility.o(i.Led_Off) for Led_Off
    lpc1768_utility.o(i.Led_Toggle) refers to lpc1768_utility.o(.data) for ledStatus1
    glcd.o(i.GLCD_SetX) refers to glcd.o(i.wr_cmd) for wr_cmd
    glcd.o(i.GLCD_SetX) refers to glcd.o(i.wr_dat) for wr_dat
    glcd.o(i.GLCD_SetY) refers to glcd.o(i.wr_cmd) for wr_cmd
    glcd.o(i.GLCD_SetY) refers to glcd.o(i.wr_dat) for wr_dat
    glcd.o(i.GLCD_bitmap) refers to glcd.o(i.GLCD_SetX) for GLCD_SetX
    glcd.o(i.GLCD_bitmap) refers to glcd.o(i.GLCD_SetY) for GLCD_SetY
    glcd.o(i.GLCD_bitmap) refers to glcd.o(i.wr_cmd) for wr_cmd
    glcd.o(i.GLCD_bitmap) refers to glcd.o(i.wr_pixel) for wr_pixel
    glcd.o(i.GLCD_clear) refers to glcd.o(i.GLCD_SetX) for GLCD_SetX
    glcd.o(i.GLCD_clear) refers to glcd.o(i.GLCD_SetY) for GLCD_SetY
    glcd.o(i.GLCD_clear) refers to glcd.o(i.wr_cmd) for wr_cmd
    glcd.o(i.GLCD_clear) refers to glcd.o(i.wr_pixel) for wr_pixel
    glcd.o(i.GLCD_clearLn) refers to glcd.o(i.GLCD_displayStringLn) for GLCD_displayStringLn
    glcd.o(i.GLCD_displayChar) refers to glcd.o(i.GLCD_drawChar) for GLCD_drawChar
    glcd.o(i.GLCD_displayChar) refers to glcd.o(.data) for ASCII_Table
    glcd.o(i.GLCD_displayStringLn) refers to glcd.o(i.GLCD_displayChar) for GLCD_displayChar
    glcd.o(i.GLCD_drawChar) refers to glcd.o(i.GLCD_SetX) for GLCD_SetX
    glcd.o(i.GLCD_drawChar) refers to glcd.o(i.GLCD_SetY) for GLCD_SetY
    glcd.o(i.GLCD_drawChar) refers to glcd.o(i.wr_cmd) for wr_cmd
    glcd.o(i.GLCD_drawChar) refers to glcd.o(i.wr_pixel) for wr_pixel
    glcd.o(i.GLCD_drawChar) refers to glcd.o(.data) for BackColor
    glcd.o(i.GLCD_init) refers to glcd.o(i.delay) for delay
    glcd.o(i.GLCD_init) refers to glcd.o(i.wr_cmd) for wr_cmd
    glcd.o(i.GLCD_init) refers to glcd.o(i.wr_dat) for wr_dat
    glcd.o(i.GLCD_putPixel) refers to glcd.o(i.GLCD_SetX) for GLCD_SetX
    glcd.o(i.GLCD_putPixel) refers to glcd.o(i.GLCD_SetY) for GLCD_SetY
    glcd.o(i.GLCD_putPixel) refers to glcd.o(i.wr_cmd) for wr_cmd
    glcd.o(i.GLCD_putPixel) refers to glcd.o(i.wr_pixel) for wr_pixel
    glcd.o(i.GLCD_putPixel) refers to glcd.o(.data) for TextColor
    glcd.o(i.GLCD_setBackColor) refers to glcd.o(.data) for BackColor
    glcd.o(i.GLCD_setTextColor) refers to glcd.o(.data) for TextColor
    glcd.o(i.wr_cmd) refers to glcd.o(i.ssp_send) for ssp_send
    glcd.o(i.wr_dat) refers to glcd.o(i.ssp_send) for ssp_send
    glcd.o(i.wr_pixel) refers to glcd.o(i.ssp_send) for ssp_send
    anh.o(i.Keypad) refers to anh.o(i.EXT_IO_A_CS) for EXT_IO_A_CS
    anh.o(i.Keypad) refers to anh.o(i.EXT_IO_B_CS) for EXT_IO_B_CS
    anh.o(i.Keypad) refers to anh.o(i.EXT_IO_C_CS) for EXT_IO_C_CS
    anh.o(i.Keypad) refers to anh.o(i.Keypad_Output_Row_1) for Keypad_Output_Row_1
    anh.o(i.Keypad) refers to anh.o(i.Keypad_Input) for Keypad_Input
    anh.o(i.Keypad) refers to anh.o(i.Keypad_Output_Row_2) for Keypad_Output_Row_2
    anh.o(i.Keypad) refers to anh.o(i.Keypad_Output_Row_3) for Keypad_Output_Row_3
    anh.o(i.Keypad) refers to anh.o(i.Keypad_Output_Row_4) for Keypad_Output_Row_4
    anh.o(i.Keypad_Output_Row_1) refers to anh.o(i.Keypad_DIR_Output) for Keypad_DIR_Output
    anh.o(i.Keypad_Output_Row_2) refers to anh.o(i.Keypad_DIR_Output) for Keypad_DIR_Output
    anh.o(i.Keypad_Output_Row_3) refers to anh.o(i.Keypad_DIR_Output) for Keypad_DIR_Output
    anh.o(i.Keypad_Output_Row_4) refers to anh.o(i.Keypad_DIR_Output) for Keypad_DIR_Output
    anh.o(i.ending) refers to glcd.o(i.GLCD_clear) for GLCD_clear
    anh.o(i.ending) refers to glcd.o(i.GLCD_setBackColor) for GLCD_setBackColor
    anh.o(i.ending) refers to glcd.o(i.GLCD_setTextColor) for GLCD_setTextColor
    anh.o(i.ending) refers to glcd.o(i.GLCD_displayStringLn) for GLCD_displayStringLn
    anh.o(i.ending) refers to glcd.o(i.GLCD_displayChar) for GLCD_displayChar
    anh.o(i.ending) refers to anh.o(.data) for pos
    anh.o(i.intro) refers to glcd.o(i.GLCD_clear) for GLCD_clear
    anh.o(i.intro) refers to glcd.o(i.GLCD_setBackColor) for GLCD_setBackColor
    anh.o(i.intro) refers to glcd.o(i.GLCD_setTextColor) for GLCD_setTextColor
    anh.o(i.intro) refers to glcd.o(i.GLCD_displayStringLn) for GLCD_displayStringLn
    anh.o(i.intro) refers to glcd.o(i.GLCD_displayChar) for GLCD_displayChar
    anh.o(i.intro) refers to lpc1768_utility.o(i.Delay) for Delay
    anh.o(i.intro) refers to anh.o(.data) for pos
    anh.o(i.intro) refers to system_lpc17xx.o(.data) for SystemCoreClock
    anh.o(i.main) refers to system_lpc17xx.o(i.SystemInit) for SystemInit
    anh.o(i.main) refers to anh.o(i.EXT_IO_init) for EXT_IO_init
    anh.o(i.main) refers to anh.o(i.Keypad_DIR_Input) for Keypad_DIR_Input
    anh.o(i.main) refers to glcd.o(i.GLCD_init) for GLCD_init
    anh.o(i.main) refers to anh.o(i.intro) for intro
    anh.o(i.main) refers to anh.o(i.print_stage) for print_stage
    anh.o(i.main) refers to rand.o(.emb_text) for rand
    anh.o(i.main) refers to anh.o(i.question) for question
    anh.o(i.main) refers to anh.o(i.printOX) for printOX
    anh.o(i.main) refers to anh.o(i.ending) for ending
    anh.o(i.printOX) refers to glcd.o(i.GLCD_clear) for GLCD_clear
    anh.o(i.printOX) refers to glcd.o(i.GLCD_setTextColor) for GLCD_setTextColor
    anh.o(i.printOX) refers to glcd.o(i.GLCD_displayStringLn) for GLCD_displayStringLn
    anh.o(i.printOX) refers to anh.o(i.Keypad) for Keypad
    anh.o(i.printOX) refers to glcd.o(i.GLCD_displayChar) for GLCD_displayChar
    anh.o(i.printOX) refers to lpc1768_utility.o(i.Delay) for Delay
    anh.o(i.printOX) refers to anh.o(.data) for pos
    anh.o(i.printOX) refers to system_lpc17xx.o(.data) for SystemCoreClock
    anh.o(i.print_come_in) refers to glcd.o(i.GLCD_setTextColor) for GLCD_setTextColor
    anh.o(i.print_come_in) refers to glcd.o(i.GLCD_displayChar) for GLCD_displayChar
    anh.o(i.print_come_in) refers to lpc1768_utility.o(i.Delay) for Delay
    anh.o(i.print_come_in) refers to anh.o(.data) for pos
    anh.o(i.print_come_in) refers to system_lpc17xx.o(.data) for SystemCoreClock
    anh.o(i.print_leave) refers to glcd.o(i.GLCD_setTextColor) for GLCD_setTextColor
    anh.o(i.print_leave) refers to glcd.o(i.GLCD_displayChar) for GLCD_displayChar
    anh.o(i.print_leave) refers to lpc1768_utility.o(i.Delay) for Delay
    anh.o(i.print_leave) refers to anh.o(.data) for pos
    anh.o(i.print_leave) refers to system_lpc17xx.o(.data) for SystemCoreClock
    anh.o(i.print_stage) refers to glcd.o(i.GLCD_clear) for GLCD_clear
    anh.o(i.print_stage) refers to glcd.o(i.GLCD_setTextColor) for GLCD_setTextColor
    anh.o(i.print_stage) refers to glcd.o(i.GLCD_displayStringLn) for GLCD_displayStringLn
    anh.o(i.print_stage) refers to glcd.o(i.GLCD_displayChar) for GLCD_displayChar
    anh.o(i.print_stage) refers to lpc1768_utility.o(i.Delay) for Delay
    anh.o(i.print_stage) refers to anh.o(.data) for pos
    anh.o(i.print_stage) refers to system_lpc17xx.o(.data) for SystemCoreClock
    anh.o(i.question) refers to rand.o(.emb_text) for rand
    anh.o(i.question) refers to anh.o(i.print_come_in) for print_come_in
    anh.o(i.question) refers to lpc1768_utility.o(i.Delay) for Delay
    anh.o(i.question) refers to anh.o(i.print_leave) for print_leave
    anh.o(i.question) refers to system_lpc17xx.o(.data) for SystemCoreClock
    rand.o(.emb_text) refers (Special) to libinit2.o(.ARM.Collect$$libinit$$0000000D) for __rt_lib_init_rand_2
    rand.o(.emb_text) refers to rand.o(.text) for _rand_init
    rand.o(.emb_text) refers to rand.o(.bss) for _random_number_data
    rand.o(.text) refers (Special) to libinit2.o(.ARM.Collect$$libinit$$0000000D) for __rt_lib_init_rand_2
    rand.o(.text) refers to rand.o(.bss) for .bss
    rand.o(.bss) refers (Special) to libinit2.o(.ARM.Collect$$libinit$$0000000D) for __rt_lib_init_rand_2
    __main.o(!!!main) refers to __rtentry.o(.ARM.Collect$$rtentry$$00000000) for __rt_entry
    __rtentry.o(.ARM.Collect$$rtentry$$00000000) refers (Special) to __rtentry2.o(.ARM.Collect$$rtentry$$0000000A) for __rt_entry_li
    __rtentry.o(.ARM.Collect$$rtentry$$00000000) refers (Special) to __rtentry2.o(.ARM.Collect$$rtentry$$0000000D) for __rt_entry_main
    __rtentry.o(.ARM.Collect$$rtentry$$00000000) refers (Special) to __rtentry2.o(.ARM.Collect$$rtentry$$0000000C) for __rt_entry_postli_1
    __rtentry.o(.ARM.Collect$$rtentry$$00000000) refers (Special) to __rtentry2.o(.ARM.Collect$$rtentry$$00000009) for __rt_entry_postsh_1
    __rtentry.o(.ARM.Collect$$rtentry$$00000000) refers (Special) to __rtentry2.o(.ARM.Collect$$rtentry$$00000002) for __rt_entry_presh_1
    __rtentry.o(.ARM.Collect$$rtentry$$00000000) refers (Special) to __rtentry4.o(.ARM.Collect$$rtentry$$00000004) for __rt_entry_sh
    aeabi_ldiv0_sigfpe.o(.text) refers to rt_div0.o(.text) for __rt_div0
    libinit2.o(.ARM.Collect$$libinit$$0000000D) refers (Weak) to rand.o(.text) for _rand_init
    libinit2.o(.ARM.Collect$$libinit$$00000010) refers to libinit2.o(.ARM.Collect$$libinit$$0000000F) for .ARM.Collect$$libinit$$0000000F
    libinit2.o(.ARM.Collect$$libinit$$00000012) refers to libinit2.o(.ARM.Collect$$libinit$$0000000F) for .ARM.Collect$$libinit$$0000000F
    libinit2.o(.ARM.Collect$$libinit$$00000014) refers to libinit2.o(.ARM.Collect$$libinit$$0000000F) for .ARM.Collect$$libinit$$0000000F
    libinit2.o(.ARM.Collect$$libinit$$00000016) refers to libinit2.o(.ARM.Collect$$libinit$$0000000F) for .ARM.Collect$$libinit$$0000000F
    libinit2.o(.ARM.Collect$$libinit$$00000018) refers to libinit2.o(.ARM.Collect$$libinit$$0000000F) for .ARM.Collect$$libinit$$0000000F
    libinit2.o(.ARM.Collect$$libinit$$00000026) refers to argv_veneer.o(.emb_text) for __ARM_argv_veneer
    libinit2.o(.ARM.Collect$$libinit$$00000027) refers to argv_veneer.o(.emb_text) for __ARM_argv_veneer
    __rtentry2.o(.ARM.Collect$$rtentry$$00000008) refers to boardinit2.o(.text) for _platform_post_stackheap_init
    __rtentry2.o(.ARM.Collect$$rtentry$$0000000A) refers to libinit.o(.ARM.Collect$$libinit$$00000000) for __rt_lib_init
    __rtentry2.o(.ARM.Collect$$rtentry$$0000000B) refers to boardinit3.o(.text) for _platform_post_lib_init
    __rtentry2.o(.ARM.Collect$$rtentry$$0000000D) refers to anh.o(i.main) for main
    __rtentry2.o(.ARM.Collect$$rtentry$$0000000D) refers to exit.o(.text) for exit
    __rtentry2.o(.ARM.exidx) refers to __rtentry2.o(.ARM.Collect$$rtentry$$00000001) for .ARM.Collect$$rtentry$$00000001
    __rtentry2.o(.ARM.exidx) refers to __rtentry2.o(.ARM.Collect$$rtentry$$00000008) for .ARM.Collect$$rtentry$$00000008
    __rtentry2.o(.ARM.exidx) refers to __rtentry2.o(.ARM.Collect$$rtentry$$0000000A) for .ARM.Collect$$rtentry$$0000000A
    __rtentry2.o(.ARM.exidx) refers to __rtentry2.o(.ARM.Collect$$rtentry$$0000000B) for .ARM.Collect$$rtentry$$0000000B
    __rtentry2.o(.ARM.exidx) refers to __rtentry2.o(.ARM.Collect$$rtentry$$0000000D) for .ARM.Collect$$rtentry$$0000000D
    __rtentry4.o(.ARM.Collect$$rtentry$$00000004) refers to sys_stackheap_outer.o(.text) for __user_setup_stackheap
    __rtentry4.o(.ARM.exidx) refers to __rtentry4.o(.ARM.Collect$$rtentry$$00000004) for .ARM.Collect$$rtentry$$00000004
    rt_div0.o(.text) refers to defsig_fpe_outer.o(.text) for __rt_SIGFPE
    argv_veneer.o(.emb_text) refers to no_argv.o(.text) for __ARM_get_argv
    sys_stackheap_outer.o(.text) refers to libspace.o(.text) for __user_perproc_libspace
    sys_stackheap_outer.o(.text) refers to startup_lpc17xx.o(.text) for __user_initial_stackheap
    exit.o(.text) refers to rtexit.o(.ARM.Collect$$rtexit$$00000000) for __rt_exit
    defsig_fpe_outer.o(.text) refers to defsig_fpe_inner.o(.text) for __rt_SIGFPE_inner
    defsig_fpe_outer.o(.text) refers to defsig_exit.o(.text) for __sig_exit
    defsig_fpe_formal.o(.text) refers to rt_raise.o(.text) for __rt_raise
    _get_argv_nomalloc.o(.text) refers (Special) to hrguard.o(.text) for __heap_region$guard
    _get_argv_nomalloc.o(.text) refers to defsig_rtmem_outer.o(.text) for __rt_SIGRTMEM
    _get_argv_nomalloc.o(.text) refers to sys_command.o(.text) for _sys_command_string
    libinit.o(.ARM.Collect$$libinit$$00000000) refers (Special) to libinit2.o(.ARM.Collect$$libinit$$0000002E) for __rt_lib_init_alloca_1
    libinit.o(.ARM.Collect$$libinit$$00000000) refers (Special) to libinit2.o(.ARM.Collect$$libinit$$0000002C) for __rt_lib_init_argv_1
    libinit.o(.ARM.Collect$$libinit$$00000000) refers (Special) to libinit2.o(.ARM.Collect$$libinit$$0000001B) for __rt_lib_init_atexit_1
    libinit.o(.ARM.Collect$$libinit$$00000000) refers (Special) to libinit2.o(.ARM.Collect$$libinit$$00000021) for __rt_lib_init_clock_1
    libinit.o(.ARM.Collect$$libinit$$00000000) refers (Special) to libinit2.o(.ARM.Collect$$libinit$$00000032) for __rt_lib_init_cpp_1
    libinit.o(.ARM.Collect$$libinit$$00000000) refers (Special) to libinit2.o(.ARM.Collect$$libinit$$00000030) for __rt_lib_init_exceptions_1
    libinit.o(.ARM.Collect$$libinit$$00000000) refers (Special) to libinit2.o(.ARM.Collect$$libinit$$00000002) for __rt_lib_init_fp_1
    libinit.o(.ARM.Collect$$libinit$$00000000) refers (Special) to libinit2.o(.ARM.Collect$$libinit$$0000001F) for __rt_lib_init_fp_trap_1
    libinit.o(.ARM.Collect$$libinit$$00000000) refers (Special) to libinit2.o(.ARM.Collect$$libinit$$00000023) for __rt_lib_init_getenv_1
    libinit.o(.ARM.Collect$$libinit$$00000000) refers (Special) to libinit2.o(.ARM.Collect$$libinit$$0000000A) for __rt_lib_init_heap_1
    libinit.o(.ARM.Collect$$libinit$$00000000) refers (Special) to libinit2.o(.ARM.Collect$$libinit$$00000011) for __rt_lib_init_lc_collate_1
    libinit.o(.ARM.Collect$$libinit$$00000000) refers (Special) to libinit2.o(.ARM.Collect$$libinit$$00000013) for __rt_lib_init_lc_ctype_1
    libinit.o(.ARM.Collect$$libinit$$00000000) refers (Special) to libinit2.o(.ARM.Collect$$libinit$$00000015) for __rt_lib_init_lc_monetary_1
    libinit.o(.ARM.Collect$$libinit$$00000000) refers (Special) to libinit2.o(.ARM.Collect$$libinit$$00000017) for __rt_lib_init_lc_numeric_1
    libinit.o(.ARM.Collect$$libinit$$00000000) refers (Special) to libinit2.o(.ARM.Collect$$libinit$$00000019) for __rt_lib_init_lc_time_1
    libinit.o(.ARM.Collect$$libinit$$00000000) refers (Special) to libinit2.o(.ARM.Collect$$libinit$$00000004) for __rt_lib_init_preinit_1
    libinit.o(.ARM.Collect$$libinit$$00000000) refers (Special) to libinit2.o(.ARM.Collect$$libinit$$0000000E) for __rt_lib_init_rand_1
    libinit.o(.ARM.Collect$$libinit$$00000000) refers (Special) to libinit2.o(.ARM.Collect$$libinit$$00000033) for __rt_lib_init_return
    libinit.o(.ARM.Collect$$libinit$$00000000) refers (Special) to libinit2.o(.ARM.Collect$$libinit$$0000001D) for __rt_lib_init_signal_1
    libinit.o(.ARM.Collect$$libinit$$00000000) refers (Special) to libinit2.o(.ARM.Collect$$libinit$$00000025) for __rt_lib_init_stdio_1
    libinit.o(.ARM.Collect$$libinit$$00000000) refers (Special) to libinit2.o(.ARM.Collect$$libinit$$0000000C) for __rt_lib_init_user_alloc_1
    sys_command.o(.text) refers (Special) to use_no_semi.o(.text) for __I$use$semihosting
    sys_command.o(.text) refers (Special) to indicate_semi.o(.text) for __semihosting_library_function
    libspace.o(.text) refers to libspace.o(.bss) for __libspace_start
    rtexit.o(.ARM.Collect$$rtexit$$00000000) refers (Special) to rtexit2.o(.ARM.Collect$$rtexit$$00000004) for __rt_exit_exit
    rtexit.o(.ARM.Collect$$rtexit$$00000000) refers (Special) to rtexit2.o(.ARM.Collect$$rtexit$$00000003) for __rt_exit_ls
    rtexit.o(.ARM.Collect$$rtexit$$00000000) refers (Special) to rtexit2.o(.ARM.Collect$$rtexit$$00000002) for __rt_exit_prels_1
    rtexit.o(.ARM.exidx) refers (Special) to rtexit2.o(.ARM.Collect$$rtexit$$00000004) for __rt_exit_exit
    rtexit.o(.ARM.exidx) refers (Special) to rtexit2.o(.ARM.Collect$$rtexit$$00000003) for __rt_exit_ls
    rtexit.o(.ARM.exidx) refers (Special) to rtexit2.o(.ARM.Collect$$rtexit$$00000002) for __rt_exit_prels_1
    rtexit.o(.ARM.exidx) refers to rtexit.o(.ARM.Collect$$rtexit$$00000000) for .ARM.Collect$$rtexit$$00000000
    rt_raise.o(.text) refers to __raise.o(.text) for __raise
    rt_raise.o(.text) refers to sys_exit.o(.text) for _sys_exit
    defsig_exit.o(.text) refers to sys_exit.o(.text) for _sys_exit
    defsig_fpe_inner.o(.text) refers to defsig_general.o(.text) for __default_signal_display
    defsig_rtmem_outer.o(.text) refers to defsig_rtmem_inner.o(.text) for __rt_SIGRTMEM_inner
    defsig_rtmem_outer.o(.text) refers to defsig_exit.o(.text) for __sig_exit
    defsig_rtmem_formal.o(.text) refers to rt_raise.o(.text) for __rt_raise
    sys_exit.o(.text) refers (Special) to use_no_semi.o(.text) for __I$use$semihosting
    sys_exit.o(.text) refers (Special) to indicate_semi.o(.text) for __semihosting_library_function
    rtexit2.o(.ARM.Collect$$rtexit$$00000003) refers to libshutdown.o(.ARM.Collect$$libshutdown$$00000000) for __rt_lib_shutdown
    rtexit2.o(.ARM.Collect$$rtexit$$00000004) refers to sys_exit.o(.text) for _sys_exit
    rtexit2.o(.ARM.exidx) refers to rtexit2.o(.ARM.Collect$$rtexit$$00000001) for .ARM.Collect$$rtexit$$00000001
    rtexit2.o(.ARM.exidx) refers to rtexit2.o(.ARM.Collect$$rtexit$$00000003) for .ARM.Collect$$rtexit$$00000003
    rtexit2.o(.ARM.exidx) refers to rtexit2.o(.ARM.Collect$$rtexit$$00000004) for .ARM.Collect$$rtexit$$00000004
    __raise.o(.text) refers to defsig.o(CL$$defsig) for __default_signal_handler
    defsig_general.o(.text) refers to sys_wrch.o(.text) for _ttywrch
    defsig_rtmem_inner.o(.text) refers to defsig_general.o(.text) for __default_signal_display
    sys_wrch.o(.text) refers (Special) to use_no_semi.o(.text) for __I$use$semihosting
    sys_wrch.o(.text) refers (Special) to indicate_semi.o(.text) for __semihosting_library_function
    defsig.o(CL$$defsig) refers to defsig_fpe_inner.o(.text) for __rt_SIGFPE_inner
    defsig.o(CL$$defsig) refers to defsig_rtmem_inner.o(.text) for __rt_SIGRTMEM_inner
    libshutdown.o(.ARM.Collect$$libshutdown$$00000000) refers (Special) to libshutdown2.o(.ARM.Collect$$libshutdown$$00000002) for __rt_lib_shutdown_cpp_1
    libshutdown.o(.ARM.Collect$$libshutdown$$00000000) refers (Special) to libshutdown2.o(.ARM.Collect$$libshutdown$$00000007) for __rt_lib_shutdown_fp_trap_1
    libshutdown.o(.ARM.Collect$$libshutdown$$00000000) refers (Special) to libshutdown2.o(.ARM.Collect$$libshutdown$$0000000F) for __rt_lib_shutdown_heap_1
    libshutdown.o(.ARM.Collect$$libshutdown$$00000000) refers (Special) to libshutdown2.o(.ARM.Collect$$libshutdown$$00000010) for __rt_lib_shutdown_return
    libshutdown.o(.ARM.Collect$$libshutdown$$00000000) refers (Special) to libshutdown2.o(.ARM.Collect$$libshutdown$$0000000A) for __rt_lib_shutdown_signal_1
    libshutdown.o(.ARM.Collect$$libshutdown$$00000000) refers (Special) to libshutdown2.o(.ARM.Collect$$libshutdown$$00000004) for __rt_lib_shutdown_stdio_1
    libshutdown.o(.ARM.Collect$$libshutdown$$00000000) refers (Special) to libshutdown2.o(.ARM.Collect$$libshutdown$$0000000C) for __rt_lib_shutdown_user_alloc_1
    defsig_abrt_inner.o(.text) refers to defsig_general.o(.text) for __default_signal_display
    defsig_rtred_inner.o(.text) refers to defsig_general.o(.text) for __default_signal_display
    defsig_stak_inner.o(.text) refers to defsig_general.o(.text) for __default_signal_display
    defsig_pvfn_inner.o(.text) refers to defsig_general.o(.text) for __default_signal_display
    defsig_cppl_inner.o(.text) refers to defsig_general.o(.text) for __default_signal_display
    defsig_segv_inner.o(.text) refers to defsig_general.o(.text) for __default_signal_display
    defsig_other.o(.text) refers to defsig_general.o(.text) for __default_signal_display


==============================================================================

Removing Unused input sections from the image.

    Removing system_lpc17xx.o(.rev16_text), (4 bytes).
    Removing system_lpc17xx.o(.revsh_text), (4 bytes).
    Removing system_lpc17xx.o(i.SystemCoreClockUpdate), (424 bytes).
    Removing lpc17xx_gpio.o(.rev16_text), (4 bytes).
    Removing lpc17xx_gpio.o(.revsh_text), (4 bytes).
    Removing lpc17xx_gpio.o(i.FIO_ByteClearValue), (34 bytes).
    Removing lpc17xx_gpio.o(i.FIO_ByteGetPointer), (56 bytes).
    Removing lpc17xx_gpio.o(i.FIO_ByteReadValue), (32 bytes).
    Removing lpc17xx_gpio.o(i.FIO_ByteSetDir), (50 bytes).
    Removing lpc17xx_gpio.o(i.FIO_ByteSetMask), (66 bytes).
    Removing lpc17xx_gpio.o(i.FIO_ByteSetValue), (34 bytes).
    Removing lpc17xx_gpio.o(i.FIO_ClearInt), (16 bytes).
    Removing lpc17xx_gpio.o(i.FIO_ClearValue), (16 bytes).
    Removing lpc17xx_gpio.o(i.FIO_GetIntStatus), (20 bytes).
    Removing lpc17xx_gpio.o(i.FIO_HalfWordClearValue), (32 bytes).
    Removing lpc17xx_gpio.o(i.FIO_HalfWordGetPointer), (56 bytes).
    Removing lpc17xx_gpio.o(i.FIO_HalfWordReadValue), (30 bytes).
    Removing lpc17xx_gpio.o(i.FIO_HalfWordSetDir), (62 bytes).
    Removing lpc17xx_gpio.o(i.FIO_HalfWordSetMask), (62 bytes).
    Removing lpc17xx_gpio.o(i.FIO_HalfWordSetValue), (32 bytes).
    Removing lpc17xx_gpio.o(i.FIO_IntCmd), (20 bytes).
    Removing lpc17xx_gpio.o(i.FIO_ReadValue), (12 bytes).
    Removing lpc17xx_gpio.o(i.FIO_SetDir), (20 bytes).
    Removing lpc17xx_gpio.o(i.FIO_SetMask), (40 bytes).
    Removing lpc17xx_gpio.o(i.FIO_SetValue), (16 bytes).
    Removing lpc17xx_gpio.o(i.GPIO_ClearInt), (32 bytes).
    Removing lpc17xx_gpio.o(i.GPIO_ClearValue), (20 bytes).
    Removing lpc17xx_gpio.o(i.GPIO_GetIntStatus), (88 bytes).
    Removing lpc17xx_gpio.o(i.GPIO_GetPointer), (56 bytes).
    Removing lpc17xx_gpio.o(i.GPIO_IntCmd), (64 bytes).
    Removing lpc17xx_gpio.o(i.GPIO_ReadValue), (22 bytes).
    Removing lpc17xx_gpio.o(i.GPIO_SetDir), (40 bytes).
    Removing lpc17xx_gpio.o(i.GPIO_SetValue), (20 bytes).
    Removing lpc17xx_pinsel.o(.rev16_text), (4 bytes).
    Removing lpc17xx_pinsel.o(.revsh_text), (4 bytes).
    Removing lpc17xx_pinsel.o(i.AF_ConfigPin), (30 bytes).
    Removing lpc17xx_pinsel.o(i.PINSEL_ConfigPin), (36 bytes).
    Removing lpc17xx_pinsel.o(i.PINSEL_ConfigTraceFunc), (40 bytes).
    Removing lpc17xx_pinsel.o(i.PINSEL_SetI2C0Pins), (20 bytes).
    Removing lpc17xx_pinsel.o(i.set_OpenDrainMode), (48 bytes).
    Removing lpc17xx_pinsel.o(i.set_PinFunc), (64 bytes).
    Removing lpc17xx_pinsel.o(i.set_ResistorMode), (64 bytes).
    Removing lpc1768_utility.o(.rev16_text), (4 bytes).
    Removing lpc1768_utility.o(.revsh_text), (4 bytes).
    Removing lpc1768_utility.o(i.Led_All_Off), (74 bytes).
    Removing lpc1768_utility.o(i.Led_All_On), (74 bytes).
    Removing lpc1768_utility.o(i.Led_Init), (216 bytes).
    Removing lpc1768_utility.o(i.Led_Off), (112 bytes).
    Removing lpc1768_utility.o(i.Led_On), (132 bytes).
    Removing lpc1768_utility.o(i.Led_Toggle), (332 bytes).
    Removing lpc1768_utility.o(.data), (8 bytes).
    Removing glcd.o(.rev16_text), (4 bytes).
    Removing glcd.o(.revsh_text), (4 bytes).
    Removing glcd.o(i.GLCD_bitmap), (66 bytes).
    Removing glcd.o(i.GLCD_clearLn), (40 bytes).
    Removing glcd.o(i.GLCD_putPixel), (44 bytes).
    Removing anh.o(.rev16_text), (4 bytes).
    Removing anh.o(.revsh_text), (4 bytes).

58 unused section(s) (total 2920 bytes) removed from the image.

==============================================================================

Image Symbol Table

    Local Symbols

    Symbol Name                              Value     Ov Type        Size  Object(Section)

    RESET                                    0x00000000   Section      204  startup_lpc17xx.o(RESET)
    ../clib/angel/boardlib.s                 0x00000000   Number         0  boardinit1.o ABSOLUTE
    ../clib/angel/boardlib.s                 0x00000000   Number         0  boardinit3.o ABSOLUTE
    ../clib/angel/boardlib.s                 0x00000000   Number         0  boardinit2.o ABSOLUTE
    ../clib/angel/boardlib.s                 0x00000000   Number         0  boardshut.o ABSOLUTE
    ../clib/angel/dclz77c.s                  0x00000000   Number         0  __dclz77c.o ABSOLUTE
    ../clib/angel/handlers.s                 0x00000000   Number         0  __scatter_zi.o ABSOLUTE
    ../clib/angel/kernel.s                   0x00000000   Number         0  __rtentry2.o ABSOLUTE
    ../clib/angel/kernel.s                   0x00000000   Number         0  __rtentry4.o ABSOLUTE
    ../clib/angel/kernel.s                   0x00000000   Number         0  rtexit.o ABSOLUTE
    ../clib/angel/kernel.s                   0x00000000   Number         0  rtexit2.o ABSOLUTE
    ../clib/angel/kernel.s                   0x00000000   Number         0  __rtentry.o ABSOLUTE
    ../clib/angel/rt.s                       0x00000000   Number         0  rt_div0.o ABSOLUTE
    ../clib/angel/rt.s                       0x00000000   Number         0  rt_raise.o ABSOLUTE
    ../clib/angel/rt.s                       0x00000000   Number         0  aeabi_ldiv0.o ABSOLUTE
    ../clib/angel/rt.s                       0x00000000   Number         0  aeabi_ldiv0_sigfpe.o ABSOLUTE
    ../clib/angel/scatter.s                  0x00000000   Number         0  __scatter.o ABSOLUTE
    ../clib/angel/startup.s                  0x00000000   Number         0  __main.o ABSOLUTE
    ../clib/angel/sys.s                      0x00000000   Number         0  libspace.o ABSOLUTE
    ../clib/angel/sys.s                      0x00000000   Number         0  use_no_semi.o ABSOLUTE
    ../clib/angel/sys.s                      0x00000000   Number         0  indicate_semi.o ABSOLUTE
    ../clib/angel/sys.s                      0x00000000   Number         0  sys_stackheap_outer.o ABSOLUTE
    ../clib/angel/sysapp.c                   0x00000000   Number         0  sys_command.o ABSOLUTE
    ../clib/angel/sysapp.c                   0x00000000   Number         0  sys_exit.o ABSOLUTE
    ../clib/angel/sysapp.c                   0x00000000   Number         0  sys_wrch.o ABSOLUTE
    ../clib/armsys.c                         0x00000000   Number         0  argv_veneer.o ABSOLUTE
    ../clib/armsys.c                         0x00000000   Number         0  _get_argv_nomalloc.o ABSOLUTE
    ../clib/armsys.c                         0x00000000   Number         0  no_argv.o ABSOLUTE
    ../clib/armsys.c                         0x00000000   Number         0  argv_veneer.o ABSOLUTE
    ../clib/heapalloc.c                      0x00000000   Number         0  hrguard.o ABSOLUTE
    ../clib/heapaux.c                        0x00000000   Number         0  heapauxi.o ABSOLUTE
    ../clib/libinit.s                        0x00000000   Number         0  libinit2.o ABSOLUTE
    ../clib/libinit.s                        0x00000000   Number         0  libshutdown2.o ABSOLUTE
    ../clib/libinit.s                        0x00000000   Number         0  libinit.o ABSOLUTE
    ../clib/libinit.s                        0x00000000   Number         0  libshutdown.o ABSOLUTE
    ../clib/longlong.s                       0x00000000   Number         0  lludivv7m.o ABSOLUTE
    ../clib/signal.c                         0x00000000   Number         0  __raise.o ABSOLUTE
    ../clib/signal.c                         0x00000000   Number         0  defsig_other.o ABSOLUTE
    ../clib/signal.c                         0x00000000   Number         0  defsig_segv_inner.o ABSOLUTE
    ../clib/signal.c                         0x00000000   Number         0  defsig_cppl_inner.o ABSOLUTE
    ../clib/signal.c                         0x00000000   Number         0  defsig_pvfn_inner.o ABSOLUTE
    ../clib/signal.c                         0x00000000   Number         0  defsig_stak_inner.o ABSOLUTE
    ../clib/signal.c                         0x00000000   Number         0  defsig_rtred_inner.o ABSOLUTE
    ../clib/signal.c                         0x00000000   Number         0  defsig_abrt_inner.o ABSOLUTE
    ../clib/signal.c                         0x00000000   Number         0  defsig_rtmem_formal.o ABSOLUTE
    ../clib/signal.c                         0x00000000   Number         0  defsig_fpe_outer.o ABSOLUTE
    ../clib/signal.c                         0x00000000   Number         0  defsig_rtmem_inner.o ABSOLUTE
    ../clib/signal.c                         0x00000000   Number         0  defsig_general.o ABSOLUTE
    ../clib/signal.c                         0x00000000   Number         0  defsig_rtmem_outer.o ABSOLUTE
    ../clib/signal.c                         0x00000000   Number         0  defsig_fpe_inner.o ABSOLUTE
    ../clib/signal.c                         0x00000000   Number         0  defsig_exit.o ABSOLUTE
    ../clib/signal.c                         0x00000000   Number         0  defsig_fpe_formal.o ABSOLUTE
    ../clib/signal.s                         0x00000000   Number         0  defsig.o ABSOLUTE
    ../clib/stdlib.c                         0x00000000   Number         0  rand.o ABSOLUTE
    ../clib/stdlib.c                         0x00000000   Number         0  exit.o ABSOLUTE
    ../clib/stdlib.c                         0x00000000   Number         0  rand.o ABSOLUTE
    ../fplib/fpinit.s                        0x00000000   Number         0  fpinit.o ABSOLUTE
    ..\14_LCD_Test\GLCD.c                    0x00000000   Number         0  glcd.o ABSOLUTE
    ..\1_GPIO\GPIO1\MDK-ARM\startup_LPC17xx.s 0x00000000   Number         0  startup_lpc17xx.o ABSOLUTE
    ..\1_GPIO\GPIO1\MDK-ARM\system_LPC17xx.c 0x00000000   Number         0  system_lpc17xx.o ABSOLUTE
    ..\Huins_NXP_LPC1768_Library\Drivers\source\LPC1768_utility.c 0x00000000   Number         0  lpc1768_utility.o ABSOLUTE
    ..\Huins_NXP_LPC1768_Library\Drivers\source\lpc17xx_gpio.c 0x00000000   Number         0  lpc17xx_gpio.o ABSOLUTE
    ..\Huins_NXP_LPC1768_Library\Drivers\source\lpc17xx_pinsel.c 0x00000000   Number         0  lpc17xx_pinsel.o ABSOLUTE
    ..\\14_LCD_Test\\GLCD.c                  0x00000000   Number         0  glcd.o ABSOLUTE
    ..\\1_GPIO\\GPIO1\\MDK-ARM\\system_LPC17xx.c 0x00000000   Number         0  system_lpc17xx.o ABSOLUTE
    ..\\Huins_NXP_LPC1768_Library\\Drivers\\source\\LPC1768_utility.c 0x00000000   Number         0  lpc1768_utility.o ABSOLUTE
    ..\\Huins_NXP_LPC1768_Library\\Drivers\\source\\lpc17xx_gpio.c 0x00000000   Number         0  lpc17xx_gpio.o ABSOLUTE
    ..\\Huins_NXP_LPC1768_Library\\Drivers\\source\\lpc17xx_pinsel.c 0x00000000   Number         0  lpc17xx_pinsel.o ABSOLUTE
    ANH.c                                    0x00000000   Number         0  anh.o ABSOLUTE
    ANH.c                                    0x00000000   Number         0  anh.o ABSOLUTE
    dc.s                                     0x00000000   Number         0  dc.o ABSOLUTE
    !!!main                                  0x000000cc   Section        8  __main.o(!!!main)
    !!!scatter                               0x000000d4   Section       52  __scatter.o(!!!scatter)
    !!dclz77c                                0x00000108   Section      100  __dclz77c.o(!!dclz77c)
    !!handler_zi                             0x0000016c   Section       28  __scatter_zi.o(!!handler_zi)
    .ARM.Collect$$libinit$$00000000          0x00000188   Section        2  libinit.o(.ARM.Collect$$libinit$$00000000)
    .ARM.Collect$$libinit$$00000002          0x0000018a   Section        0  libinit2.o(.ARM.Collect$$libinit$$00000002)
    .ARM.Collect$$libinit$$00000004          0x0000018a   Section        0  libinit2.o(.ARM.Collect$$libinit$$00000004)
    .ARM.Collect$$libinit$$0000000A          0x0000018a   Section        0  libinit2.o(.ARM.Collect$$libinit$$0000000A)
    .ARM.Collect$$libinit$$0000000C          0x0000018a   Section        0  libinit2.o(.ARM.Collect$$libinit$$0000000C)
    .ARM.Collect$$libinit$$0000000D          0x0000018a   Section        4  libinit2.o(.ARM.Collect$$libinit$$0000000D)
    .ARM.Collect$$libinit$$0000000E          0x0000018e   Section        0  libinit2.o(.ARM.Collect$$libinit$$0000000E)
    .ARM.Collect$$libinit$$00000011          0x0000018e   Section        0  libinit2.o(.ARM.Collect$$libinit$$00000011)
    .ARM.Collect$$libinit$$00000013          0x0000018e   Section        0  libinit2.o(.ARM.Collect$$libinit$$00000013)
    .ARM.Collect$$libinit$$00000015          0x0000018e   Section        0  libinit2.o(.ARM.Collect$$libinit$$00000015)
    .ARM.Collect$$libinit$$00000017          0x0000018e   Section        0  libinit2.o(.ARM.Collect$$libinit$$00000017)
    .ARM.Collect$$libinit$$00000019          0x0000018e   Section        0  libinit2.o(.ARM.Collect$$libinit$$00000019)
    .ARM.Collect$$libinit$$0000001B          0x0000018e   Section        0  libinit2.o(.ARM.Collect$$libinit$$0000001B)
    .ARM.Collect$$libinit$$0000001D          0x0000018e   Section        0  libinit2.o(.ARM.Collect$$libinit$$0000001D)
    .ARM.Collect$$libinit$$0000001F          0x0000018e   Section        0  libinit2.o(.ARM.Collect$$libinit$$0000001F)
    .ARM.Collect$$libinit$$00000021          0x0000018e   Section        0  libinit2.o(.ARM.Collect$$libinit$$00000021)
    .ARM.Collect$$libinit$$00000023          0x0000018e   Section        0  libinit2.o(.ARM.Collect$$libinit$$00000023)
    .ARM.Collect$$libinit$$00000025          0x0000018e   Section        0  libinit2.o(.ARM.Collect$$libinit$$00000025)
    .ARM.Collect$$libinit$$0000002C          0x0000018e   Section        0  libinit2.o(.ARM.Collect$$libinit$$0000002C)
    .ARM.Collect$$libinit$$0000002E          0x0000018e   Section        0  libinit2.o(.ARM.Collect$$libinit$$0000002E)
    .ARM.Collect$$libinit$$00000030          0x0000018e   Section        0  libinit2.o(.ARM.Collect$$libinit$$00000030)
    .ARM.Collect$$libinit$$00000032          0x0000018e   Section        0  libinit2.o(.ARM.Collect$$libinit$$00000032)
    .ARM.Collect$$libinit$$00000033          0x0000018e   Section        2  libinit2.o(.ARM.Collect$$libinit$$00000033)
    .ARM.Collect$$libshutdown$$00000000      0x00000190   Section        2  libshutdown.o(.ARM.Collect$$libshutdown$$00000000)
    .ARM.Collect$$libshutdown$$00000002      0x00000192   Section        0  libshutdown2.o(.ARM.Collect$$libshutdown$$00000002)
    .ARM.Collect$$libshutdown$$00000004      0x00000192   Section        0  libshutdown2.o(.ARM.Collect$$libshutdown$$00000004)
    .ARM.Collect$$libshutdown$$00000007      0x00000192   Section        0  libshutdown2.o(.ARM.Collect$$libshutdown$$00000007)
    .ARM.Collect$$libshutdown$$0000000A      0x00000192   Section        0  libshutdown2.o(.ARM.Collect$$libshutdown$$0000000A)
    .ARM.Collect$$libshutdown$$0000000C      0x00000192   Section        0  libshutdown2.o(.ARM.Collect$$libshutdown$$0000000C)
    .ARM.Collect$$libshutdown$$0000000F      0x00000192   Section        0  libshutdown2.o(.ARM.Collect$$libshutdown$$0000000F)
    .ARM.Collect$$libshutdown$$00000010      0x00000192   Section        2  libshutdown2.o(.ARM.Collect$$libshutdown$$00000010)
    .ARM.Collect$$rtentry$$00000000          0x00000194   Section        0  __rtentry.o(.ARM.Collect$$rtentry$$00000000)
    .ARM.Collect$$rtentry$$00000002          0x00000194   Section        0  __rtentry2.o(.ARM.Collect$$rtentry$$00000002)
    .ARM.Collect$$rtentry$$00000004          0x00000194   Section        6  __rtentry4.o(.ARM.Collect$$rtentry$$00000004)
    .ARM.Collect$$rtentry$$00000009          0x0000019a   Section        0  __rtentry2.o(.ARM.Collect$$rtentry$$00000009)
    .ARM.Collect$$rtentry$$0000000A          0x0000019a   Section        4  __rtentry2.o(.ARM.Collect$$rtentry$$0000000A)
    .ARM.Collect$$rtentry$$0000000C          0x0000019e   Section        0  __rtentry2.o(.ARM.Collect$$rtentry$$0000000C)
    .ARM.Collect$$rtentry$$0000000D          0x0000019e   Section        8  __rtentry2.o(.ARM.Collect$$rtentry$$0000000D)
    .ARM.Collect$$rtexit$$00000000           0x000001a6   Section        2  rtexit.o(.ARM.Collect$$rtexit$$00000000)
    .ARM.Collect$$rtexit$$00000002           0x000001a8   Section        0  rtexit2.o(.ARM.Collect$$rtexit$$00000002)
    .ARM.Collect$$rtexit$$00000003           0x000001a8   Section        4  rtexit2.o(.ARM.Collect$$rtexit$$00000003)
    .ARM.Collect$$rtexit$$00000004           0x000001ac   Section        6  rtexit2.o(.ARM.Collect$$rtexit$$00000004)
    .emb_text                                0x000001b4   Section       52  rand.o(.emb_text)
    .text                                    0x000001e8   Section       60  startup_lpc17xx.o(.text)
    .text                                    0x00000224   Section        0  rand.o(.text)
    .text                                    0x00000260   Section        0  heapauxi.o(.text)
    .text                                    0x00000266   Section       74  sys_stackheap_outer.o(.text)
    .text                                    0x000002b0   Section        0  exit.o(.text)
    .text                                    0x000002c4   Section        8  libspace.o(.text)
    .text                                    0x000002cc   Section        0  sys_exit.o(.text)
    .text                                    0x000002d8   Section        2  use_no_semi.o(.text)
    .text                                    0x000002da   Section        0  indicate_semi.o(.text)
    i.Delay                                  0x000002da   Section        0  lpc1768_utility.o(i.Delay)
    i.GLCD_setBackColor                      0x000002e8   Section        0  glcd.o(i.GLCD_setBackColor)
    .ARM.__at_0x02FC                         0x000002fc   Section        4  startup_lpc17xx.o(.ARM.__at_0x02FC)
    i.EXT_IO_A_CS                            0x00000300   Section        0  anh.o(i.EXT_IO_A_CS)
    i.EXT_IO_B_CS                            0x00000328   Section        0  anh.o(i.EXT_IO_B_CS)
    i.EXT_IO_C_CS                            0x00000350   Section        0  anh.o(i.EXT_IO_C_CS)
    i.EXT_IO_init                            0x00000378   Section        0  anh.o(i.EXT_IO_init)
    i.GLCD_SetX                              0x000003a4   Section        0  glcd.o(i.GLCD_SetX)
    GLCD_SetX                                0x000003a5   Thumb Code    50  glcd.o(i.GLCD_SetX)
    i.GLCD_SetY                              0x000003d6   Section        0  glcd.o(i.GLCD_SetY)
    GLCD_SetY                                0x000003d7   Thumb Code    50  glcd.o(i.GLCD_SetY)
    i.GLCD_clear                             0x00000408   Section        0  glcd.o(i.GLCD_clear)
    i.GLCD_displayChar                       0x00000438   Section        0  glcd.o(i.GLCD_displayChar)
    i.GLCD_displayStringLn                   0x00000460   Section        0  glcd.o(i.GLCD_displayStringLn)
    i.GLCD_drawChar                          0x0000049c   Section        0  glcd.o(i.GLCD_drawChar)
    i.GLCD_init                              0x00000500   Section        0  glcd.o(i.GLCD_init)
    i.GLCD_setTextColor                      0x000007d4   Section        0  glcd.o(i.GLCD_setTextColor)
    i.Keypad                                 0x000007e0   Section        0  anh.o(i.Keypad)
    i.Keypad_DIR_Input                       0x000008f4   Section        0  anh.o(i.Keypad_DIR_Input)
    i.Keypad_DIR_Output                      0x00000930   Section        0  anh.o(i.Keypad_DIR_Output)
    i.Keypad_Input                           0x00000960   Section        0  anh.o(i.Keypad_Input)
    i.Keypad_Output_Row_1                    0x000009d4   Section        0  anh.o(i.Keypad_Output_Row_1)
    i.Keypad_Output_Row_2                    0x00000a20   Section        0  anh.o(i.Keypad_Output_Row_2)
    i.Keypad_Output_Row_3                    0x00000a6c   Section        0  anh.o(i.Keypad_Output_Row_3)
    i.Keypad_Output_Row_4                    0x00000ab8   Section        0  anh.o(i.Keypad_Output_Row_4)
    i.SystemInit                             0x00000b04   Section        0  system_lpc17xx.o(i.SystemInit)
    i.delay                                  0x00000c40   Section        0  glcd.o(i.delay)
    delay                                    0x00000c41   Thumb Code    14  glcd.o(i.delay)
    i.ending                                 0x00000c50   Section        0  anh.o(i.ending)
    i.intro                                  0x00000d74   Section        0  anh.o(i.intro)
    i.main                                   0x00001308   Section        0  anh.o(i.main)
    i.printOX                                0x00001368   Section        0  anh.o(i.printOX)
    i.print_come_in                          0x00001624   Section        0  anh.o(i.print_come_in)
    i.print_leave                            0x000016b8   Section        0  anh.o(i.print_leave)
    i.print_stage                            0x00001750   Section        0  anh.o(i.print_stage)
    i.question                               0x0000190c   Section        0  anh.o(i.question)
    i.ssp_send                               0x000019e4   Section        0  glcd.o(i.ssp_send)
    ssp_send                                 0x000019e5   Thumb Code    32  glcd.o(i.ssp_send)
    i.wr_cmd                                 0x00001a08   Section        0  glcd.o(i.wr_cmd)
    wr_cmd                                   0x00001a09   Thumb Code    36  glcd.o(i.wr_cmd)
    i.wr_dat                                 0x00001a30   Section        0  glcd.o(i.wr_dat)
    wr_dat                                   0x00001a31   Thumb Code    38  glcd.o(i.wr_dat)
    i.wr_pixel                               0x00001a5c   Section        0  glcd.o(i.wr_pixel)
    wr_pixel                                 0x00001a5d   Thumb Code    50  glcd.o(i.wr_pixel)
    .data                                    0x10000000   Section        4  system_lpc17xx.o(.data)
    .data                                    0x10000004   Section     5380  glcd.o(.data)
    TextColor                                0x10001504   Data           2  glcd.o(.data)
    BackColor                                0x10001506   Data           2  glcd.o(.data)
    .data                                    0x10001508   Section       16  anh.o(.data)
    .bss                                     0x10001518   Section      228  rand.o(.bss)
    .bss                                     0x100015fc   Section       96  libspace.o(.bss)
    HEAP                                     0x10001660   Section        0  startup_lpc17xx.o(HEAP)
    STACK                                    0x10001660   Section      512  startup_lpc17xx.o(STACK)
    Heap_Mem                                 0x10001660   Data           0  startup_lpc17xx.o(HEAP)
    Stack_Mem                                0x10001660   Data         512  startup_lpc17xx.o(STACK)
    __initial_sp                             0x10001860   Data           0  startup_lpc17xx.o(STACK)

    Global Symbols

    Symbol Name                              Value     Ov Type        Size  Object(Section)

    BuildAttributes$$THM_ISAv4$P$D$K$B$S$PE$A:L22UL41UL21$X:L11$S22US41US21$IEEE1$IW$USESV6$~STKCKD$USESV7$~SHL$OSPACE$ROPI$EBA8$UX$STANDARDLIB$REQ8$PRES8$EABIv2 0x00000000   Number         0  anon$$obj.o ABSOLUTE
    __ARM_use_no_argv                        0x00000000   Number         0  anh.o ABSOLUTE
    __Vectors                                0x00000000   Data           4  startup_lpc17xx.o(RESET)
    __ARM_exceptions_init                     - Undefined Weak Reference
    __alloca_initialize                       - Undefined Weak Reference
    __arm_preinit_                            - Undefined Weak Reference
    __cpp_initialize__aeabi_                  - Undefined Weak Reference
    __cxa_finalize                            - Undefined Weak Reference
    __rt_locale                               - Undefined Weak Reference
    __sigvec_lookup                           - Undefined Weak Reference
    _atexit_init                              - Undefined Weak Reference
    _call_atexit_fns                          - Undefined Weak Reference
    _clock_init                               - Undefined Weak Reference
    _fp_trap_init                             - Undefined Weak Reference
    _fp_trap_shutdown                         - Undefined Weak Reference
    _get_lc_collate                           - Undefined Weak Reference
    _get_lc_ctype                             - Undefined Weak Reference
    _get_lc_monetary                          - Undefined Weak Reference
    _get_lc_numeric                           - Undefined Weak Reference
    _get_lc_time                              - Undefined Weak Reference
    _getenv_init                              - Undefined Weak Reference
    _handle_redirection                       - Undefined Weak Reference
    _init_alloc                               - Undefined Weak Reference
    _init_user_alloc                          - Undefined Weak Reference
    _initio                                   - Undefined Weak Reference
    _signal_finish                            - Undefined Weak Reference
    _signal_init                              - Undefined Weak Reference
    _terminate_alloc                          - Undefined Weak Reference
    _terminate_user_alloc                     - Undefined Weak Reference
    _terminateio                              - Undefined Weak Reference
    __main                                   0x000000cd   Thumb Code     8  __main.o(!!!main)
    __scatterload                            0x000000d5   Thumb Code     0  __scatter.o(!!!scatter)
    __scatterload_rt2                        0x000000d5   Thumb Code    44  __scatter.o(!!!scatter)
    __scatterload_rt2_thumb_only             0x000000d5   Thumb Code     0  __scatter.o(!!!scatter)
    __scatterload_null                       0x000000e3   Thumb Code     0  __scatter.o(!!!scatter)
    __decompress                             0x00000109   Thumb Code   100  __dclz77c.o(!!dclz77c)
    __decompress2                            0x00000109   Thumb Code     0  __dclz77c.o(!!dclz77c)
    __scatterload_zeroinit                   0x0000016d   Thumb Code    28  __scatter_zi.o(!!handler_zi)
    __rt_lib_init                            0x00000189   Thumb Code     0  libinit.o(.ARM.Collect$$libinit$$00000000)
    __rt_lib_init_fp_1                       0x0000018b   Thumb Code     0  libinit2.o(.ARM.Collect$$libinit$$00000002)
    __rt_lib_init_heap_1                     0x0000018b   Thumb Code     0  libinit2.o(.ARM.Collect$$libinit$$0000000A)
    __rt_lib_init_preinit_1                  0x0000018b   Thumb Code     0  libinit2.o(.ARM.Collect$$libinit$$00000004)
    __rt_lib_init_rand_2                     0x0000018b   Thumb Code     0  libinit2.o(.ARM.Collect$$libinit$$0000000D)
    __rt_lib_init_user_alloc_1               0x0000018b   Thumb Code     0  libinit2.o(.ARM.Collect$$libinit$$0000000C)
    __rt_lib_init_alloca_1                   0x0000018f   Thumb Code     0  libinit2.o(.ARM.Collect$$libinit$$0000002E)
    __rt_lib_init_argv_1                     0x0000018f   Thumb Code     0  libinit2.o(.ARM.Collect$$libinit$$0000002C)
    __rt_lib_init_atexit_1                   0x0000018f   Thumb Code     0  libinit2.o(.ARM.Collect$$libinit$$0000001B)
    __rt_lib_init_clock_1                    0x0000018f   Thumb Code     0  libinit2.o(.ARM.Collect$$libinit$$00000021)
    __rt_lib_init_cpp_1                      0x0000018f   Thumb Code     0  libinit2.o(.ARM.Collect$$libinit$$00000032)
    __rt_lib_init_exceptions_1               0x0000018f   Thumb Code     0  libinit2.o(.ARM.Collect$$libinit$$00000030)
    __rt_lib_init_fp_trap_1                  0x0000018f   Thumb Code     0  libinit2.o(.ARM.Collect$$libinit$$0000001F)
    __rt_lib_init_getenv_1                   0x0000018f   Thumb Code     0  libinit2.o(.ARM.Collect$$libinit$$00000023)
    __rt_lib_init_lc_collate_1               0x0000018f   Thumb Code     0  libinit2.o(.ARM.Collect$$libinit$$00000011)
    __rt_lib_init_lc_ctype_1                 0x0000018f   Thumb Code     0  libinit2.o(.ARM.Collect$$libinit$$00000013)
    __rt_lib_init_lc_monetary_1              0x0000018f   Thumb Code     0  libinit2.o(.ARM.Collect$$libinit$$00000015)
    __rt_lib_init_lc_numeric_1               0x0000018f   Thumb Code     0  libinit2.o(.ARM.Collect$$libinit$$00000017)
    __rt_lib_init_lc_time_1                  0x0000018f   Thumb Code     0  libinit2.o(.ARM.Collect$$libinit$$00000019)
    __rt_lib_init_rand_1                     0x0000018f   Thumb Code     0  libinit2.o(.ARM.Collect$$libinit$$0000000E)
    __rt_lib_init_return                     0x0000018f   Thumb Code     0  libinit2.o(.ARM.Collect$$libinit$$00000033)
    __rt_lib_init_signal_1                   0x0000018f   Thumb Code     0  libinit2.o(.ARM.Collect$$libinit$$0000001D)
    __rt_lib_init_stdio_1                    0x0000018f   Thumb Code     0  libinit2.o(.ARM.Collect$$libinit$$00000025)
    __rt_lib_shutdown                        0x00000191   Thumb Code     0  libshutdown.o(.ARM.Collect$$libshutdown$$00000000)
    __rt_lib_shutdown_cpp_1                  0x00000193   Thumb Code     0  libshutdown2.o(.ARM.Collect$$libshutdown$$00000002)
    __rt_lib_shutdown_fp_trap_1              0x00000193   Thumb Code     0  libshutdown2.o(.ARM.Collect$$libshutdown$$00000007)
    __rt_lib_shutdown_heap_1                 0x00000193   Thumb Code     0  libshutdown2.o(.ARM.Collect$$libshutdown$$0000000F)
    __rt_lib_shutdown_return                 0x00000193   Thumb Code     0  libshutdown2.o(.ARM.Collect$$libshutdown$$00000010)
    __rt_lib_shutdown_signal_1               0x00000193   Thumb Code     0  libshutdown2.o(.ARM.Collect$$libshutdown$$0000000A)
    __rt_lib_shutdown_stdio_1                0x00000193   Thumb Code     0  libshutdown2.o(.ARM.Collect$$libshutdown$$00000004)
    __rt_lib_shutdown_user_alloc_1           0x00000193   Thumb Code     0  libshutdown2.o(.ARM.Collect$$libshutdown$$0000000C)
    __rt_entry                               0x00000195   Thumb Code     0  __rtentry.o(.ARM.Collect$$rtentry$$00000000)
    __rt_entry_presh_1                       0x00000195   Thumb Code     0  __rtentry2.o(.ARM.Collect$$rtentry$$00000002)
    __rt_entry_sh                            0x00000195   Thumb Code     0  __rtentry4.o(.ARM.Collect$$rtentry$$00000004)
    __rt_entry_li                            0x0000019b   Thumb Code     0  __rtentry2.o(.ARM.Collect$$rtentry$$0000000A)
    __rt_entry_postsh_1                      0x0000019b   Thumb Code     0  __rtentry2.o(.ARM.Collect$$rtentry$$00000009)
    __rt_entry_main                          0x0000019f   Thumb Code     0  __rtentry2.o(.ARM.Collect$$rtentry$$0000000D)
    __rt_entry_postli_1                      0x0000019f   Thumb Code     0  __rtentry2.o(.ARM.Collect$$rtentry$$0000000C)
    __rt_exit                                0x000001a7   Thumb Code     0  rtexit.o(.ARM.Collect$$rtexit$$00000000)
    __rt_exit_ls                             0x000001a9   Thumb Code     0  rtexit2.o(.ARM.Collect$$rtexit$$00000003)
    __rt_exit_prels_1                        0x000001a9   Thumb Code     0  rtexit2.o(.ARM.Collect$$rtexit$$00000002)
    __rt_exit_exit                           0x000001ad   Thumb Code     0  rtexit2.o(.ARM.Collect$$rtexit$$00000004)
    rand                                     0x000001b5   Thumb Code    48  rand.o(.emb_text)
    Reset_Handler                            0x000001e9   Thumb Code     8  startup_lpc17xx.o(.text)
    NMI_Handler                              0x000001f1   Thumb Code     2  startup_lpc17xx.o(.text)
    HardFault_Handler                        0x000001f3   Thumb Code     2  startup_lpc17xx.o(.text)
    MemManage_Handler                        0x000001f5   Thumb Code     2  startup_lpc17xx.o(.text)
    BusFault_Handler                         0x000001f7   Thumb Code     2  startup_lpc17xx.o(.text)
    UsageFault_Handler                       0x000001f9   Thumb Code     2  startup_lpc17xx.o(.text)
    SVC_Handler                              0x000001fb   Thumb Code     2  startup_lpc17xx.o(.text)
    DebugMon_Handler                         0x000001fd   Thumb Code     2  startup_lpc17xx.o(.text)
    PendSV_Handler                           0x000001ff   Thumb Code     2  startup_lpc17xx.o(.text)
    SysTick_Handler                          0x00000201   Thumb Code     2  startup_lpc17xx.o(.text)
    ADC_IRQHandler                           0x00000203   Thumb Code     0  startup_lpc17xx.o(.text)
    BOD_IRQHandler                           0x00000203   Thumb Code     0  startup_lpc17xx.o(.text)
    CANActivity_IRQHandler                   0x00000203   Thumb Code     0  startup_lpc17xx.o(.text)
    CAN_IRQHandler                           0x00000203   Thumb Code     0  startup_lpc17xx.o(.text)
    DMA_IRQHandler                           0x00000203   Thumb Code     0  startup_lpc17xx.o(.text)
    EINT0_IRQHandler                         0x00000203   Thumb Code     0  startup_lpc17xx.o(.text)
    EINT1_IRQHandler                         0x00000203   Thumb Code     0  startup_lpc17xx.o(.text)
    EINT2_IRQHandler                         0x00000203   Thumb Code     0  startup_lpc17xx.o(.text)
    EINT3_IRQHandler                         0x00000203   Thumb Code     0  startup_lpc17xx.o(.text)
    ENET_IRQHandler                          0x00000203   Thumb Code     0  startup_lpc17xx.o(.text)
    I2C0_IRQHandler                          0x00000203   Thumb Code     0  startup_lpc17xx.o(.text)
    I2C1_IRQHandler                          0x00000203   Thumb Code     0  startup_lpc17xx.o(.text)
    I2C2_IRQHandler                          0x00000203   Thumb Code     0  startup_lpc17xx.o(.text)
    I2S_IRQHandler                           0x00000203   Thumb Code     0  startup_lpc17xx.o(.text)
    MCPWM_IRQHandler                         0x00000203   Thumb Code     0  startup_lpc17xx.o(.text)
    PLL0_IRQHandler                          0x00000203   Thumb Code     0  startup_lpc17xx.o(.text)
    PLL1_IRQHandler                          0x00000203   Thumb Code     0  startup_lpc17xx.o(.text)
    PWM1_IRQHandler                          0x00000203   Thumb Code     0  startup_lpc17xx.o(.text)
    QEI_IRQHandler                           0x00000203   Thumb Code     0  startup_lpc17xx.o(.text)
    RIT_IRQHandler                           0x00000203   Thumb Code     0  startup_lpc17xx.o(.text)
    RTC_IRQHandler                           0x00000203   Thumb Code     0  startup_lpc17xx.o(.text)
    SPI_IRQHandler                           0x00000203   Thumb Code     0  startup_lpc17xx.o(.text)
    SSP0_IRQHandler                          0x00000203   Thumb Code     0  startup_lpc17xx.o(.text)
    SSP1_IRQHandler                          0x00000203   Thumb Code     0  startup_lpc17xx.o(.text)
    TIMER0_IRQHandler                        0x00000203   Thumb Code     0  startup_lpc17xx.o(.text)
    TIMER1_IRQHandler                        0x00000203   Thumb Code     0  startup_lpc17xx.o(.text)
    TIMER2_IRQHandler                        0x00000203   Thumb Code     0  startup_lpc17xx.o(.text)
    TIMER3_IRQHandler                        0x00000203   Thumb Code     0  startup_lpc17xx.o(.text)
    UART0_IRQHandler                         0x00000203   Thumb Code     0  startup_lpc17xx.o(.text)
    UART1_IRQHandler                         0x00000203   Thumb Code     0  startup_lpc17xx.o(.text)
    UART2_IRQHandler                         0x00000203   Thumb Code     0  startup_lpc17xx.o(.text)
    UART3_IRQHandler                         0x00000203   Thumb Code     0  startup_lpc17xx.o(.text)
    USBActivity_IRQHandler                   0x00000203   Thumb Code     0  startup_lpc17xx.o(.text)
    USB_IRQHandler                           0x00000203   Thumb Code     0  startup_lpc17xx.o(.text)
    WDT_IRQHandler                           0x00000203   Thumb Code     0  startup_lpc17xx.o(.text)
    __user_initial_stackheap                 0x00000205   Thumb Code     0  startup_lpc17xx.o(.text)
    srand                                    0x00000225   Thumb Code    42  rand.o(.text)
    _rand_init                               0x0000024f   Thumb Code     4  rand.o(.text)
    __use_two_region_memory                  0x00000261   Thumb Code     2  heapauxi.o(.text)
    __rt_heap_escrow$2region                 0x00000263   Thumb Code     2  heapauxi.o(.text)
    __rt_heap_expand$2region                 0x00000265   Thumb Code     2  heapauxi.o(.text)
    __user_setup_stackheap                   0x00000267   Thumb Code    74  sys_stackheap_outer.o(.text)
    exit                                     0x000002b1   Thumb Code    18  exit.o(.text)
    __user_libspace                          0x000002c5   Thumb Code     8  libspace.o(.text)
    __user_perproc_libspace                  0x000002c5   Thumb Code     0  libspace.o(.text)
    __user_perthread_libspace                0x000002c5   Thumb Code     0  libspace.o(.text)
    _sys_exit                                0x000002cd   Thumb Code     8  sys_exit.o(.text)
    __I$use$semihosting                      0x000002d9   Thumb Code     0  use_no_semi.o(.text)
    __use_no_semihosting_swi                 0x000002d9   Thumb Code     2  use_no_semi.o(.text)
    Delay                                    0x000002db   Thumb Code    12  lpc1768_utility.o(i.Delay)
    __semihosting_library_function           0x000002db   Thumb Code     0  indicate_semi.o(.text)
    GLCD_setBackColor                        0x000002e9   Thumb Code     6  glcd.o(i.GLCD_setBackColor)
    EXT_IO_A_CS                              0x00000301   Thumb Code    34  anh.o(i.EXT_IO_A_CS)
    EXT_IO_B_CS                              0x00000329   Thumb Code    34  anh.o(i.EXT_IO_B_CS)
    EXT_IO_C_CS                              0x00000351   Thumb Code    34  anh.o(i.EXT_IO_C_CS)
    EXT_IO_init                              0x00000379   Thumb Code    34  anh.o(i.EXT_IO_init)
    GLCD_clear                               0x00000409   Thumb Code    48  glcd.o(i.GLCD_clear)
    GLCD_displayChar                         0x00000439   Thumb Code    34  glcd.o(i.GLCD_displayChar)
    GLCD_displayStringLn                     0x00000461   Thumb Code    60  glcd.o(i.GLCD_displayStringLn)
    GLCD_drawChar                            0x0000049d   Thumb Code    90  glcd.o(i.GLCD_drawChar)
    GLCD_init                                0x00000501   Thumb Code   706  glcd.o(i.GLCD_init)
    GLCD_setTextColor                        0x000007d5   Thumb Code     6  glcd.o(i.GLCD_setTextColor)
    Keypad                                   0x000007e1   Thumb Code   274  anh.o(i.Keypad)
    Keypad_DIR_Input                         0x000008f5   Thumb Code    54  anh.o(i.Keypad_DIR_Input)
    Keypad_DIR_Output                        0x00000931   Thumb Code    44  anh.o(i.Keypad_DIR_Output)
    Keypad_Input                             0x00000961   Thumb Code   110  anh.o(i.Keypad_Input)
    Keypad_Output_Row_1                      0x000009d5   Thumb Code    70  anh.o(i.Keypad_Output_Row_1)
    Keypad_Output_Row_2                      0x00000a21   Thumb Code    70  anh.o(i.Keypad_Output_Row_2)
    Keypad_Output_Row_3                      0x00000a6d   Thumb Code    70  anh.o(i.Keypad_Output_Row_3)
    Keypad_Output_Row_4                      0x00000ab9   Thumb Code    70  anh.o(i.Keypad_Output_Row_4)
    SystemInit                               0x00000b05   Thumb Code   302  system_lpc17xx.o(i.SystemInit)
    ending                                   0x00000c51   Thumb Code   192  anh.o(i.ending)
    intro                                    0x00000d75   Thumb Code   578  anh.o(i.intro)
    main                                     0x00001309   Thumb Code    94  anh.o(i.main)
    printOX                                  0x00001369   Thumb Code   354  anh.o(i.printOX)
    print_come_in                            0x00001625   Thumb Code   134  anh.o(i.print_come_in)
    print_leave                              0x000016b9   Thumb Code   140  anh.o(i.print_leave)
    print_stage                              0x00001751   Thumb Code   244  anh.o(i.print_stage)
    question                                 0x0000190d   Thumb Code   210  anh.o(i.question)
    Region$$Table$$Base                      0x00001a94   Number         0  anon$$obj.o(Region$$Table)
    Region$$Table$$Limit                     0x00001ab4   Number         0  anon$$obj.o(Region$$Table)
    SystemCoreClock                          0x10000000   Data           4  system_lpc17xx.o(.data)
    ASCII_Table                              0x10000004   Data        5376  glcd.o(.data)
    array                                    0x10001508   Data           9  anh.o(.data)
    count                                    0x10001511   Data           1  anh.o(.data)
    pos                                      0x10001512   Data           1  anh.o(.data)
    ppos                                     0x10001513   Data           1  anh.o(.data)
    speed                                    0x10001514   Data           4  anh.o(.data)
    _random_number_data                      0x10001518   Data         228  rand.o(.bss)
    __libspace_start                         0x100015fc   Data          96  libspace.o(.bss)
    __temporary_stack_top$libspace           0x1000165c   Data           0  libspace.o(.bss)



==============================================================================

Memory Map of the image

  Image Entry point : 0x000001e9

  Load Region LR_1 (Base: 0x00000000, Size: 0x00002fcc, Max: 0xffffffff, ABSOLUTE, COMPRESSED[0x00002254])

    Execution Region ER_RO (Exec base: 0x00000000, Load base: 0x00000000, Size: 0x00001ab4, Max: 0xffffffff, ABSOLUTE)

    Exec Addr    Load Addr    Size         Type   Attr      Idx    E Section Name        Object

    0x00000000   0x00000000   0x000000cc   Data   RO           54    RESET               startup_lpc17xx.o
    0x000000cc   0x000000cc   0x00000008   Code   RO          666  * !!!main             c_w.l(__main.o)
    0x000000d4   0x000000d4   0x00000034   Code   RO          835    !!!scatter          c_w.l(__scatter.o)
    0x00000108   0x00000108   0x00000064   Code   RO          833    !!dclz77c           c_w.l(__dclz77c.o)
    0x0000016c   0x0000016c   0x0000001c   Code   RO          837    !!handler_zi        c_w.l(__scatter_zi.o)
    0x00000188   0x00000188   0x00000002   Code   RO          756    .ARM.Collect$$libinit$$00000000  c_w.l(libinit.o)
    0x0000018a   0x0000018a   0x00000000   Code   RO          674    .ARM.Collect$$libinit$$00000002  c_w.l(libinit2.o)
    0x0000018a   0x0000018a   0x00000000   Code   RO          676    .ARM.Collect$$libinit$$00000004  c_w.l(libinit2.o)
    0x0000018a   0x0000018a   0x00000000   Code   RO          679    .ARM.Collect$$libinit$$0000000A  c_w.l(libinit2.o)
    0x0000018a   0x0000018a   0x00000000   Code   RO          681    .ARM.Collect$$libinit$$0000000C  c_w.l(libinit2.o)
    0x0000018a   0x0000018a   0x00000004   Code   RO          682    .ARM.Collect$$libinit$$0000000D  c_w.l(libinit2.o)
    0x0000018e   0x0000018e   0x00000000   Code   RO          683    .ARM.Collect$$libinit$$0000000E  c_w.l(libinit2.o)
    0x0000018e   0x0000018e   0x00000000   Code   RO          686    .ARM.Collect$$libinit$$00000011  c_w.l(libinit2.o)
    0x0000018e   0x0000018e   0x00000000   Code   RO          688    .ARM.Collect$$libinit$$00000013  c_w.l(libinit2.o)
    0x0000018e   0x0000018e   0x00000000   Code   RO          690    .ARM.Collect$$libinit$$00000015  c_w.l(libinit2.o)
    0x0000018e   0x0000018e   0x00000000   Code   RO          692    .ARM.Collect$$libinit$$00000017  c_w.l(libinit2.o)
    0x0000018e   0x0000018e   0x00000000   Code   RO          694    .ARM.Collect$$libinit$$00000019  c_w.l(libinit2.o)
    0x0000018e   0x0000018e   0x00000000   Code   RO          696    .ARM.Collect$$libinit$$0000001B  c_w.l(libinit2.o)
    0x0000018e   0x0000018e   0x00000000   Code   RO          698    .ARM.Collect$$libinit$$0000001D  c_w.l(libinit2.o)
    0x0000018e   0x0000018e   0x00000000   Code   RO          700    .ARM.Collect$$libinit$$0000001F  c_w.l(libinit2.o)
    0x0000018e   0x0000018e   0x00000000   Code   RO          702    .ARM.Collect$$libinit$$00000021  c_w.l(libinit2.o)
    0x0000018e   0x0000018e   0x00000000   Code   RO          704    .ARM.Collect$$libinit$$00000023  c_w.l(libinit2.o)
    0x0000018e   0x0000018e   0x00000000   Code   RO          706    .ARM.Collect$$libinit$$00000025  c_w.l(libinit2.o)
    0x0000018e   0x0000018e   0x00000000   Code   RO          710    .ARM.Collect$$libinit$$0000002C  c_w.l(libinit2.o)
    0x0000018e   0x0000018e   0x00000000   Code   RO          712    .ARM.Collect$$libinit$$0000002E  c_w.l(libinit2.o)
    0x0000018e   0x0000018e   0x00000000   Code   RO          714    .ARM.Collect$$libinit$$00000030  c_w.l(libinit2.o)
    0x0000018e   0x0000018e   0x00000000   Code   RO          716    .ARM.Collect$$libinit$$00000032  c_w.l(libinit2.o)
    0x0000018e   0x0000018e   0x00000002   Code   RO          717    .ARM.Collect$$libinit$$00000033  c_w.l(libinit2.o)
    0x00000190   0x00000190   0x00000002   Code   RO          800    .ARM.Collect$$libshutdown$$00000000  c_w.l(libshutdown.o)
    0x00000192   0x00000192   0x00000000   Code   RO          816    .ARM.Collect$$libshutdown$$00000002  c_w.l(libshutdown2.o)
    0x00000192   0x00000192   0x00000000   Code   RO          818    .ARM.Collect$$libshutdown$$00000004  c_w.l(libshutdown2.o)
    0x00000192   0x00000192   0x00000000   Code   RO          821    .ARM.Collect$$libshutdown$$00000007  c_w.l(libshutdown2.o)
    0x00000192   0x00000192   0x00000000   Code   RO          824    .ARM.Collect$$libshutdown$$0000000A  c_w.l(libshutdown2.o)
    0x00000192   0x00000192   0x00000000   Code   RO          826    .ARM.Collect$$libshutdown$$0000000C  c_w.l(libshutdown2.o)
    0x00000192   0x00000192   0x00000000   Code   RO          829    .ARM.Collect$$libshutdown$$0000000F  c_w.l(libshutdown2.o)
    0x00000192   0x00000192   0x00000002   Code   RO          830    .ARM.Collect$$libshutdown$$00000010  c_w.l(libshutdown2.o)
    0x00000194   0x00000194   0x00000000   Code   RO          668    .ARM.Collect$$rtentry$$00000000  c_w.l(__rtentry.o)
    0x00000194   0x00000194   0x00000000   Code   RO          719    .ARM.Collect$$rtentry$$00000002  c_w.l(__rtentry2.o)
    0x00000194   0x00000194   0x00000006   Code   RO          731    .ARM.Collect$$rtentry$$00000004  c_w.l(__rtentry4.o)
    0x0000019a   0x0000019a   0x00000000   Code   RO          721    .ARM.Collect$$rtentry$$00000009  c_w.l(__rtentry2.o)
    0x0000019a   0x0000019a   0x00000004   Code   RO          722    .ARM.Collect$$rtentry$$0000000A  c_w.l(__rtentry2.o)
    0x0000019e   0x0000019e   0x00000000   Code   RO          724    .ARM.Collect$$rtentry$$0000000C  c_w.l(__rtentry2.o)
    0x0000019e   0x0000019e   0x00000008   Code   RO          725    .ARM.Collect$$rtentry$$0000000D  c_w.l(__rtentry2.o)
    0x000001a6   0x000001a6   0x00000002   Code   RO          762    .ARM.Collect$$rtexit$$00000000  c_w.l(rtexit.o)
    0x000001a8   0x000001a8   0x00000000   Code   RO          782    .ARM.Collect$$rtexit$$00000002  c_w.l(rtexit2.o)
    0x000001a8   0x000001a8   0x00000004   Code   RO          783    .ARM.Collect$$rtexit$$00000003  c_w.l(rtexit2.o)
    0x000001ac   0x000001ac   0x00000006   Code   RO          784    .ARM.Collect$$rtexit$$00000004  c_w.l(rtexit2.o)
    0x000001b2   0x000001b2   0x00000002   PAD
    0x000001b4   0x000001b4   0x00000034   Code   RO          659    .emb_text           c_w.l(rand.o)
    0x000001e8   0x000001e8   0x0000003c   Code   RO           56  * .text               startup_lpc17xx.o
    0x00000224   0x00000224   0x0000003c   Code   RO          660    .text               c_w.l(rand.o)
    0x00000260   0x00000260   0x00000006   Code   RO          664    .text               c_w.l(heapauxi.o)
    0x00000266   0x00000266   0x0000004a   Code   RO          739    .text               c_w.l(sys_stackheap_outer.o)
    0x000002b0   0x000002b0   0x00000012   Code   RO          741    .text               c_w.l(exit.o)
    0x000002c2   0x000002c2   0x00000002   PAD
    0x000002c4   0x000002c4   0x00000008   Code   RO          759    .text               c_w.l(libspace.o)
    0x000002cc   0x000002cc   0x0000000c   Code   RO          776    .text               c_w.l(sys_exit.o)
    0x000002d8   0x000002d8   0x00000002   Code   RO          778    .text               c_w.l(use_no_semi.o)
    0x000002da   0x000002da   0x00000000   Code   RO          780    .text               c_w.l(indicate_semi.o)
    0x000002da   0x000002da   0x0000000c   Code   RO          312    i.Delay             lpc1768_utility.o
    0x000002e6   0x000002e6   0x00000002   PAD
    0x000002e8   0x000002e8   0x0000000c   Code   RO          393    i.GLCD_setBackColor  glcd.o
    0x000002f4   0x000002f4   0x00000008   PAD
    0x000002fc   0x000002fc   0x00000004   Code   RO           55    .ARM.__at_0x02FC    startup_lpc17xx.o
    0x00000300   0x00000300   0x00000028   Code   RO          514    i.EXT_IO_A_CS       anh.o
    0x00000328   0x00000328   0x00000028   Code   RO          515    i.EXT_IO_B_CS       anh.o
    0x00000350   0x00000350   0x00000028   Code   RO          516    i.EXT_IO_C_CS       anh.o
    0x00000378   0x00000378   0x0000002c   Code   RO          517    i.EXT_IO_init       anh.o
    0x000003a4   0x000003a4   0x00000032   Code   RO          383    i.GLCD_SetX         glcd.o
    0x000003d6   0x000003d6   0x00000032   Code   RO          384    i.GLCD_SetY         glcd.o
    0x00000408   0x00000408   0x00000030   Code   RO          386    i.GLCD_clear        glcd.o
    0x00000438   0x00000438   0x00000028   Code   RO          388    i.GLCD_displayChar  glcd.o
    0x00000460   0x00000460   0x0000003c   Code   RO          389    i.GLCD_displayStringLn  glcd.o
    0x0000049c   0x0000049c   0x00000064   Code   RO          390    i.GLCD_drawChar     glcd.o
    0x00000500   0x00000500   0x000002d4   Code   RO          391    i.GLCD_init         glcd.o
    0x000007d4   0x000007d4   0x0000000c   Code   RO          394    i.GLCD_setTextColor  glcd.o
    0x000007e0   0x000007e0   0x00000112   Code   RO          518    i.Keypad            anh.o
    0x000008f2   0x000008f2   0x00000002   PAD
    0x000008f4   0x000008f4   0x0000003c   Code   RO          519    i.Keypad_DIR_Input  anh.o
    0x00000930   0x00000930   0x00000030   Code   RO          520    i.Keypad_DIR_Output  anh.o
    0x00000960   0x00000960   0x00000074   Code   RO          521    i.Keypad_Input      anh.o
    0x000009d4   0x000009d4   0x0000004c   Code   RO          522    i.Keypad_Output_Row_1  anh.o
    0x00000a20   0x00000a20   0x0000004c   Code   RO          523    i.Keypad_Output_Row_2  anh.o
    0x00000a6c   0x00000a6c   0x0000004c   Code   RO          524    i.Keypad_Output_Row_3  anh.o
    0x00000ab8   0x00000ab8   0x0000004c   Code   RO          525    i.Keypad_Output_Row_4  anh.o
    0x00000b04   0x00000b04   0x0000013c   Code   RO            4    i.SystemInit        system_lpc17xx.o
    0x00000c40   0x00000c40   0x0000000e   Code   RO          395    i.delay             glcd.o
    0x00000c4e   0x00000c4e   0x00000002   PAD
    0x00000c50   0x00000c50   0x00000124   Code   RO          526    i.ending            anh.o
    0x00000d74   0x00000d74   0x00000594   Code   RO          527    i.intro             anh.o
    0x00001308   0x00001308   0x0000005e   Code   RO          528    i.main              anh.o
    0x00001366   0x00001366   0x00000002   PAD
    0x00001368   0x00001368   0x000002bc   Code   RO          529    i.printOX           anh.o
    0x00001624   0x00001624   0x00000094   Code   RO          530    i.print_come_in     anh.o
    0x000016b8   0x000016b8   0x00000098   Code   RO          531    i.print_leave       anh.o
    0x00001750   0x00001750   0x000001bc   Code   RO          532    i.print_stage       anh.o
    0x0000190c   0x0000190c   0x000000d8   Code   RO          533    i.question          anh.o
    0x000019e4   0x000019e4   0x00000024   Code   RO          396    i.ssp_send          glcd.o
    0x00001a08   0x00001a08   0x00000028   Code   RO          397    i.wr_cmd            glcd.o
    0x00001a30   0x00001a30   0x0000002c   Code   RO          398    i.wr_dat            glcd.o
    0x00001a5c   0x00001a5c   0x00000038   Code   RO          399    i.wr_pixel          glcd.o
    0x00001a94   0x00001a94   0x00000020   Data   RO          831    Region$$Table       anon$$obj.o


    Execution Region ER_RW (Exec base: 0x10000000, Load base: 0x00001ab4, Size: 0x00001518, Max: 0xffffffff, ABSOLUTE, COMPRESSED[0x000007a0])

    Exec Addr    Load Addr    Size         Type   Attr      Idx    E Section Name        Object

    0x10000000   COMPRESSED   0x00000004   Data   RW            5    .data               system_lpc17xx.o
    0x10000004   COMPRESSED   0x00001504   Data   RW          400    .data               glcd.o
    0x10001508   COMPRESSED   0x00000010   Data   RW          534    .data               anh.o


    Execution Region ER_ZI (Exec base: 0x10001518, Load base: 0x00002254, Size: 0x00000348, Max: 0xffffffff, ABSOLUTE)

    Exec Addr    Load Addr    Size         Type   Attr      Idx    E Section Name        Object

    0x10001518        -       0x000000e4   Zero   RW          661    .bss                c_w.l(rand.o)
    0x100015fc        -       0x00000060   Zero   RW          760    .bss                c_w.l(libspace.o)
    0x1000165c   0x00002254   0x00000004   PAD
    0x10001660        -       0x00000000   Zero   RW           53    HEAP                startup_lpc17xx.o
    0x10001660        -       0x00000200   Zero   RW           52    STACK               startup_lpc17xx.o


==============================================================================

Image component sizes


      Code (inc. data)   RO Data    RW Data    ZI Data      Debug   Object Name

      4440       1596          0         16          0      12317   anh.o
      1286         66          0       5380          0       9389   glcd.o
        12          0          0          0          0        584   lpc1768_utility.o
        64         26        204          0        512       1104   startup_lpc17xx.o
       316         14          0          4          0       5455   system_lpc17xx.o

    ----------------------------------------------------------------------
      6134       1710        236       5400        512      28849   Object Totals
         0          0         32          0          0          0   (incl. Generated)
        16          8          0          0          0          0   (incl. Padding)

    ----------------------------------------------------------------------

      Code (inc. data)   RO Data    RW Data    ZI Data      Debug   Library Member Name

       100          0          0          0          0          0   __dclz77c.o
         8          0          0          0          0         68   __main.o
         0          0          0          0          0          0   __rtentry.o
        12          0          0          0          0          0   __rtentry2.o
         6          0          0          0          0          0   __rtentry4.o
        52          8          0          0          0          0   __scatter.o
        28          0          0          0          0          0   __scatter_zi.o
        18          0          0          0          0         80   exit.o
         6          0          0          0          0        152   heapauxi.o
         0          0          0          0          0          0   indicate_semi.o
         2          0          0          0          0          0   libinit.o
         6          0          0          0          0          0   libinit2.o
         2          0          0          0          0          0   libshutdown.o
         2          0          0          0          0          0   libshutdown2.o
         8          4          0          0         96         68   libspace.o
       112         18          0          0        228        160   rand.o
         2          0          0          0          0          0   rtexit.o
        10          0          0          0          0          0   rtexit2.o
        12          4          0          0          0         68   sys_exit.o
        74          0          0          0          0         80   sys_stackheap_outer.o
         2          0          0          0          0         68   use_no_semi.o

    ----------------------------------------------------------------------
       466         34          0          0        328        744   Library Totals
         4          0          0          0          4          0   (incl. Padding)

    ----------------------------------------------------------------------

      Code (inc. data)   RO Data    RW Data    ZI Data      Debug   Library Name

       462         34          0          0        324        744   c_w.l

    ----------------------------------------------------------------------
       466         34          0          0        328        744   Library Totals

    ----------------------------------------------------------------------

==============================================================================


      Code (inc. data)   RO Data    RW Data    ZI Data      Debug   

      6600       1744        236       5400        840      27613   Grand Totals
      6600       1744        236       1952        840      27613   ELF Image Totals (compressed)
      6600       1744        236       1952          0          0   ROM Totals

==============================================================================

    Total RO  Size (Code + RO Data)                 6836 (   6.68kB)
    Total RW  Size (RW Data + ZI Data)              6240 (   6.09kB)
    Total ROM Size (Code + RO Data + RW Data)       8788 (   8.58kB)

==============================================================================

